// Vitest Snapshot v1, https://vitest.dev/guide/snapshot.html

exports[`runGrouping > writes every card column, from TMDB or from the variants 1`] = `
Result [
  {
    "backdrop_path": null,
    "cards_lang": "fr-FR",
    "cast": null,
    "certification": null,
    "company_ids": [],
    "director": null,
    "end_year": null,
    "genre_ids": [],
    "genres": [],
    "key": "fallback:movie:dune:-",
    "network_ids": [],
    "original_title": null,
    "overview": null,
    "poster_path": null,
    "rating": null,
    "release_date": null,
    "runtime": null,
    "saga_backdrop_path": null,
    "saga_id": null,
    "saga_name": null,
    "saga_poster_path": null,
    "search": "'dune':1",
    "status": null,
    "title": "Dune",
    "title_en": null,
    "title_logo_path": null,
    "tmdb_adult": false,
    "trailer_key": null,
    "vote_count": null,
    "year": null,
  },
  {
    "backdrop_path": null,
    "cards_lang": "fr-FR",
    "cast": null,
    "certification": null,
    "company_ids": [],
    "director": null,
    "end_year": null,
    "genre_ids": [],
    "genres": [],
    "key": "fallback:movie:spider-man:2002",
    "network_ids": [],
    "original_title": null,
    "overview": null,
    "poster_path": null,
    "rating": null,
    "release_date": "2002-01-01",
    "runtime": null,
    "saga_backdrop_path": null,
    "saga_id": null,
    "saga_name": null,
    "saga_poster_path": null,
    "search": "'man':3 'spider':2 'spider-man':1",
    "status": null,
    "title": "Spider-Man",
    "title_en": null,
    "title_logo_path": null,
    "tmdb_adult": false,
    "trailer_key": null,
    "vote_count": null,
    "year": 2002,
  },
  {
    "backdrop_path": null,
    "cards_lang": "fr-FR",
    "cast": null,
    "certification": null,
    "company_ids": [],
    "director": null,
    "end_year": null,
    "genre_ids": [],
    "genres": [],
    "key": "fallback:movie:tenet:-",
    "network_ids": [],
    "original_title": null,
    "overview": null,
    "poster_path": null,
    "rating": null,
    "release_date": null,
    "runtime": null,
    "saga_backdrop_path": null,
    "saga_id": null,
    "saga_name": null,
    "saga_poster_path": null,
    "search": "'tenet':1",
    "status": null,
    "title": "Tenet",
    "title_en": null,
    "title_logo_path": null,
    "tmdb_adult": false,
    "trailer_key": null,
    "vote_count": null,
    "year": null,
  },
  {
    "backdrop_path": null,
    "cards_lang": "fr-FR",
    "cast": null,
    "certification": null,
    "company_ids": [],
    "director": null,
    "end_year": null,
    "genre_ids": [],
    "genres": [],
    "key": "live:be-tf1",
    "network_ids": [],
    "original_title": null,
    "overview": null,
    "poster_path": null,
    "rating": null,
    "release_date": null,
    "runtime": null,
    "saga_backdrop_path": null,
    "saga_id": null,
    "saga_name": null,
    "saga_poster_path": null,
    "search": "'tf1':1",
    "status": null,
    "title": "TF1",
    "title_en": null,
    "title_logo_path": null,
    "tmdb_adult": false,
    "trailer_key": null,
    "vote_count": null,
    "year": null,
  },
  {
    "backdrop_path": null,
    "cards_lang": "fr-FR",
    "cast": null,
    "certification": null,
    "company_ids": [],
    "director": null,
    "end_year": null,
    "genre_ids": [],
    "genres": [],
    "key": "live:fr-tf1",
    "network_ids": [],
    "original_title": null,
    "overview": null,
    "poster_path": null,
    "rating": null,
    "release_date": null,
    "runtime": null,
    "saga_backdrop_path": null,
    "saga_id": null,
    "saga_name": null,
    "saga_poster_path": null,
    "search": "'tf1':1",
    "status": null,
    "title": "TF1",
    "title_en": null,
    "title_logo_path": null,
    "tmdb_adult": false,
    "trailer_key": null,
    "vote_count": null,
    "year": null,
  },
  {
    "backdrop_path": "/smb.jpg",
    "cards_lang": "fr-FR",
    "cast": [
      {
        "id": 2,
        "name": "Tobey Maguire",
        "profile": "/tobey.jpg",
        "role": "Peter Parker",
      },
    ],
    "certification": "TP",
    "company_ids": [
      5,
    ],
    "director": "Sam Raimi",
    "end_year": null,
    "genre_ids": [
      28,
      878,
    ],
    "genres": [
      "Action",
      "Science-Fiction",
    ],
    "key": "tmdb:movie:557",
    "network_ids": [],
    "original_title": "Spider-Man",
    "overview": "Peter Parker…",
    "poster_path": "/sm.jpg",
    "rating": 7.3,
    "release_date": "2002-05-01",
    "runtime": 121,
    "saga_backdrop_path": "/sb.jpg",
    "saga_id": 556,
    "saga_name": "Spider-Man - Saga",
    "saga_poster_path": "/sp.jpg",
    "search": "'araignee':7 'homme':6 'homme-araignee':5 'l':4 'maguire':9 'man':3 'raimi':11 'sam':10 'spider':2 'spider-man':1 'tobey':8",
    "status": null,
    "title": "Spider-Man",
    "title_en": "Spider-Man",
    "title_logo_path": "/logo.png",
    "tmdb_adult": false,
    "trailer_key": "abc",
    "vote_count": 18000,
    "year": 2002,
  },
  {
    "backdrop_path": null,
    "cards_lang": "fr-FR",
    "cast": [],
    "certification": "12",
    "company_ids": [],
    "director": "Park Jae-bum",
    "end_year": 2021,
    "genre_ids": [
      80,
    ],
    "genres": [
      "Crime",
    ],
    "key": "tmdb:tv:1396",
    "network_ids": [
      213,
    ],
    "original_title": "빈센조",
    "overview": null,
    "poster_path": null,
    "rating": null,
    "release_date": "2021-02-20",
    "runtime": 80,
    "saga_backdrop_path": null,
    "saga_id": null,
    "saga_name": null,
    "saga_poster_path": null,
    "search": "'bum':6 'jae':5 'jae-bum':4 'park':3 'vincenzo':1 '빈센조':2",
    "status": "Ended",
    "title": "Vincenzo",
    "title_en": null,
    "title_logo_path": null,
    "tmdb_adult": false,
    "trailer_key": null,
    "vote_count": null,
    "year": 2021,
  },
]
`;
